hello
4
6
10
13
16
20
23
27
30
34
37
41
44
48
51
55
58
62
65
